Archive member included because of file (symbol)

c:/program files (x86)/atmel/atmel toolchain/avr8 gcc/native/3.4.2.1002/avr8-gnu-toolchain/bin/../lib/gcc/avr/4.7.2/avr5\libgcc.a(_divmodhi4.o)
                              PWM.o (__divmodhi4)
c:/program files (x86)/atmel/atmel toolchain/avr8 gcc/native/3.4.2.1002/avr8-gnu-toolchain/bin/../lib/gcc/avr/4.7.2/avr5\libgcc.a(_udivmodsi4.o)
                              Us.o (__udivmodsi4)
c:/program files (x86)/atmel/atmel toolchain/avr8 gcc/native/3.4.2.1002/avr8-gnu-toolchain/bin/../lib/gcc/avr/4.7.2/avr5\libgcc.a(_exit.o)
                              c:/program files (x86)/atmel/atmel toolchain/avr8 gcc/native/3.4.2.1002/avr8-gnu-toolchain/bin/../lib/gcc/avr/4.7.2/../../../../avr/lib/avr5/crtm32.o (exit)
c:/program files (x86)/atmel/atmel toolchain/avr8 gcc/native/3.4.2.1002/avr8-gnu-toolchain/bin/../lib/gcc/avr/4.7.2/avr5\libgcc.a(_clear_bss.o)
                              car_sm.o (__do_clear_bss)
c:/program files (x86)/atmel/atmel toolchain/avr8 gcc/native/3.4.2.1002/avr8-gnu-toolchain/bin/../lib/gcc/avr/4.7.2/avr5\libgcc.a(_udivmodhi4.o)
                              c:/program files (x86)/atmel/atmel toolchain/avr8 gcc/native/3.4.2.1002/avr8-gnu-toolchain/bin/../lib/gcc/avr/4.7.2/avr5\libgcc.a(_divmodhi4.o) (__udivmodhi4)

Allocating common symbols
Common symbol       size              file

PWM_Status          0x1               car_sm.o

Discarded input sections

 .bss           0x00000000        0x0 c:/program files (x86)/atmel/atmel toolchain/avr8 gcc/native/3.4.2.1002/avr8-gnu-toolchain/bin/../lib/gcc/avr/4.7.2/../../../../avr/lib/avr5/crtm32.o
 .text          0x00000000        0x0 car_sm.o
 .bss           0x00000000        0x0 car_sm.o
 .bss.OVR_Flow_Counter
                0x00000000        0x1 car_sm.o
 .bss.read_flag
                0x00000000        0x1 car_sm.o
 .bss.Error     0x00000000        0x1 car_sm.o
 .bss.ICU_Edge  0x00000000        0x1 car_sm.o
 .text          0x00000000        0x0 DIO.o
 .bss           0x00000000        0x0 DIO.o
 .text.DIO_Read
                0x00000000       0x3a DIO.o
 .text.DIO_Toggle
                0x00000000       0x32 DIO.o
 .text          0x00000000        0x0 External_INT.o
 .bss           0x00000000        0x0 External_INT.o
 .text          0x00000000        0x0 ICU.o
 .bss           0x00000000        0x0 ICU.o
 .text          0x00000000        0x0 motor.o
 .bss           0x00000000        0x0 motor.o
 .text.Motor_SpeedUpdate
                0x00000000       0x3a motor.o
 .text.Motor_GetStatus
                0x00000000       0x26 motor.o
 .text          0x00000000        0x0 PWM.o
 .bss           0x00000000        0x0 PWM.o
 .text.Pwm_Update
                0x00000000       0x64 PWM.o
 .text          0x00000000        0x0 STATIC_CAR.o
 .bss           0x00000000        0x0 STATIC_CAR.o
 .bss.OVR_Flow_Counter
                0x00000000        0x1 STATIC_CAR.o
 .bss.read_flag
                0x00000000        0x1 STATIC_CAR.o
 .bss.Error     0x00000000        0x1 STATIC_CAR.o
 .bss.ICU_Edge  0x00000000        0x1 STATIC_CAR.o
 .text          0x00000000        0x0 Steering.o
 .bss           0x00000000        0x0 Steering.o
 .text          0x00000000        0x0 Timer.o
 .bss           0x00000000        0x0 Timer.o
 .text.Timer_GetStatus
                0x00000000       0x50 Timer.o
 .text          0x00000000        0x0 Us.o
 .bss           0x00000000        0x0 Us.o
 .bss.OVR_Flow_Counter
                0x00000000        0x1 Us.o
 .bss.read_flag
                0x00000000        0x1 Us.o
 .bss.Error     0x00000000        0x1 Us.o
 .bss.ICU_Edge  0x00000000        0x1 Us.o
 .text          0x00000000        0x0 c:/program files (x86)/atmel/atmel toolchain/avr8 gcc/native/3.4.2.1002/avr8-gnu-toolchain/bin/../lib/gcc/avr/4.7.2/avr5\libgcc.a(_divmodhi4.o)
 .bss           0x00000000        0x0 c:/program files (x86)/atmel/atmel toolchain/avr8 gcc/native/3.4.2.1002/avr8-gnu-toolchain/bin/../lib/gcc/avr/4.7.2/avr5\libgcc.a(_divmodhi4.o)
 .text.libgcc.mul
                0x00000000        0x0 c:/program files (x86)/atmel/atmel toolchain/avr8 gcc/native/3.4.2.1002/avr8-gnu-toolchain/bin/../lib/gcc/avr/4.7.2/avr5\libgcc.a(_divmodhi4.o)
 .text.libgcc   0x00000000        0x0 c:/program files (x86)/atmel/atmel toolchain/avr8 gcc/native/3.4.2.1002/avr8-gnu-toolchain/bin/../lib/gcc/avr/4.7.2/avr5\libgcc.a(_divmodhi4.o)
 .text.libgcc.prologue
                0x00000000        0x0 c:/program files (x86)/atmel/atmel toolchain/avr8 gcc/native/3.4.2.1002/avr8-gnu-toolchain/bin/../lib/gcc/avr/4.7.2/avr5\libgcc.a(_divmodhi4.o)
 .text.libgcc.builtins
                0x00000000        0x0 c:/program files (x86)/atmel/atmel toolchain/avr8 gcc/native/3.4.2.1002/avr8-gnu-toolchain/bin/../lib/gcc/avr/4.7.2/avr5\libgcc.a(_divmodhi4.o)
 .text.libgcc.fmul
                0x00000000        0x0 c:/program files (x86)/atmel/atmel toolchain/avr8 gcc/native/3.4.2.1002/avr8-gnu-toolchain/bin/../lib/gcc/avr/4.7.2/avr5\libgcc.a(_divmodhi4.o)
 .text          0x00000000        0x0 c:/program files (x86)/atmel/atmel toolchain/avr8 gcc/native/3.4.2.1002/avr8-gnu-toolchain/bin/../lib/gcc/avr/4.7.2/avr5\libgcc.a(_udivmodsi4.o)
 .bss           0x00000000        0x0 c:/program files (x86)/atmel/atmel toolchain/avr8 gcc/native/3.4.2.1002/avr8-gnu-toolchain/bin/../lib/gcc/avr/4.7.2/avr5\libgcc.a(_udivmodsi4.o)
 .text.libgcc.mul
                0x00000000        0x0 c:/program files (x86)/atmel/atmel toolchain/avr8 gcc/native/3.4.2.1002/avr8-gnu-toolchain/bin/../lib/gcc/avr/4.7.2/avr5\libgcc.a(_udivmodsi4.o)
 .text.libgcc   0x00000000        0x0 c:/program files (x86)/atmel/atmel toolchain/avr8 gcc/native/3.4.2.1002/avr8-gnu-toolchain/bin/../lib/gcc/avr/4.7.2/avr5\libgcc.a(_udivmodsi4.o)
 .text.libgcc.prologue
                0x00000000        0x0 c:/program files (x86)/atmel/atmel toolchain/avr8 gcc/native/3.4.2.1002/avr8-gnu-toolchain/bin/../lib/gcc/avr/4.7.2/avr5\libgcc.a(_udivmodsi4.o)
 .text.libgcc.builtins
                0x00000000        0x0 c:/program files (x86)/atmel/atmel toolchain/avr8 gcc/native/3.4.2.1002/avr8-gnu-toolchain/bin/../lib/gcc/avr/4.7.2/avr5\libgcc.a(_udivmodsi4.o)
 .text.libgcc.fmul
                0x00000000        0x0 c:/program files (x86)/atmel/atmel toolchain/avr8 gcc/native/3.4.2.1002/avr8-gnu-toolchain/bin/../lib/gcc/avr/4.7.2/avr5\libgcc.a(_udivmodsi4.o)
 .text          0x00000000        0x0 c:/program files (x86)/atmel/atmel toolchain/avr8 gcc/native/3.4.2.1002/avr8-gnu-toolchain/bin/../lib/gcc/avr/4.7.2/avr5\libgcc.a(_exit.o)
 .bss           0x00000000        0x0 c:/program files (x86)/atmel/atmel toolchain/avr8 gcc/native/3.4.2.1002/avr8-gnu-toolchain/bin/../lib/gcc/avr/4.7.2/avr5\libgcc.a(_exit.o)
 .text.libgcc.mul
                0x00000000        0x0 c:/program files (x86)/atmel/atmel toolchain/avr8 gcc/native/3.4.2.1002/avr8-gnu-toolchain/bin/../lib/gcc/avr/4.7.2/avr5\libgcc.a(_exit.o)
 .text.libgcc.div
                0x00000000        0x0 c:/program files (x86)/atmel/atmel toolchain/avr8 gcc/native/3.4.2.1002/avr8-gnu-toolchain/bin/../lib/gcc/avr/4.7.2/avr5\libgcc.a(_exit.o)
 .text.libgcc   0x00000000        0x0 c:/program files (x86)/atmel/atmel toolchain/avr8 gcc/native/3.4.2.1002/avr8-gnu-toolchain/bin/../lib/gcc/avr/4.7.2/avr5\libgcc.a(_exit.o)
 .text.libgcc.prologue
                0x00000000        0x0 c:/program files (x86)/atmel/atmel toolchain/avr8 gcc/native/3.4.2.1002/avr8-gnu-toolchain/bin/../lib/gcc/avr/4.7.2/avr5\libgcc.a(_exit.o)
 .text.libgcc.builtins
                0x00000000        0x0 c:/program files (x86)/atmel/atmel toolchain/avr8 gcc/native/3.4.2.1002/avr8-gnu-toolchain/bin/../lib/gcc/avr/4.7.2/avr5\libgcc.a(_exit.o)
 .text.libgcc.fmul
                0x00000000        0x0 c:/program files (x86)/atmel/atmel toolchain/avr8 gcc/native/3.4.2.1002/avr8-gnu-toolchain/bin/../lib/gcc/avr/4.7.2/avr5\libgcc.a(_exit.o)
 .text          0x00000000        0x0 c:/program files (x86)/atmel/atmel toolchain/avr8 gcc/native/3.4.2.1002/avr8-gnu-toolchain/bin/../lib/gcc/avr/4.7.2/avr5\libgcc.a(_clear_bss.o)
 .bss           0x00000000        0x0 c:/program files (x86)/atmel/atmel toolchain/avr8 gcc/native/3.4.2.1002/avr8-gnu-toolchain/bin/../lib/gcc/avr/4.7.2/avr5\libgcc.a(_clear_bss.o)
 .text.libgcc.mul
                0x00000000        0x0 c:/program files (x86)/atmel/atmel toolchain/avr8 gcc/native/3.4.2.1002/avr8-gnu-toolchain/bin/../lib/gcc/avr/4.7.2/avr5\libgcc.a(_clear_bss.o)
 .text.libgcc.div
                0x00000000        0x0 c:/program files (x86)/atmel/atmel toolchain/avr8 gcc/native/3.4.2.1002/avr8-gnu-toolchain/bin/../lib/gcc/avr/4.7.2/avr5\libgcc.a(_clear_bss.o)
 .text.libgcc   0x00000000        0x0 c:/program files (x86)/atmel/atmel toolchain/avr8 gcc/native/3.4.2.1002/avr8-gnu-toolchain/bin/../lib/gcc/avr/4.7.2/avr5\libgcc.a(_clear_bss.o)
 .text.libgcc.prologue
                0x00000000        0x0 c:/program files (x86)/atmel/atmel toolchain/avr8 gcc/native/3.4.2.1002/avr8-gnu-toolchain/bin/../lib/gcc/avr/4.7.2/avr5\libgcc.a(_clear_bss.o)
 .text.libgcc.builtins
                0x00000000        0x0 c:/program files (x86)/atmel/atmel toolchain/avr8 gcc/native/3.4.2.1002/avr8-gnu-toolchain/bin/../lib/gcc/avr/4.7.2/avr5\libgcc.a(_clear_bss.o)
 .text.libgcc.fmul
                0x00000000        0x0 c:/program files (x86)/atmel/atmel toolchain/avr8 gcc/native/3.4.2.1002/avr8-gnu-toolchain/bin/../lib/gcc/avr/4.7.2/avr5\libgcc.a(_clear_bss.o)
 .text          0x00000000        0x0 c:/program files (x86)/atmel/atmel toolchain/avr8 gcc/native/3.4.2.1002/avr8-gnu-toolchain/bin/../lib/gcc/avr/4.7.2/avr5\libgcc.a(_udivmodhi4.o)
 .bss           0x00000000        0x0 c:/program files (x86)/atmel/atmel toolchain/avr8 gcc/native/3.4.2.1002/avr8-gnu-toolchain/bin/../lib/gcc/avr/4.7.2/avr5\libgcc.a(_udivmodhi4.o)
 .text.libgcc.mul
                0x00000000        0x0 c:/program files (x86)/atmel/atmel toolchain/avr8 gcc/native/3.4.2.1002/avr8-gnu-toolchain/bin/../lib/gcc/avr/4.7.2/avr5\libgcc.a(_udivmodhi4.o)
 .text.libgcc   0x00000000        0x0 c:/program files (x86)/atmel/atmel toolchain/avr8 gcc/native/3.4.2.1002/avr8-gnu-toolchain/bin/../lib/gcc/avr/4.7.2/avr5\libgcc.a(_udivmodhi4.o)
 .text.libgcc.prologue
                0x00000000        0x0 c:/program files (x86)/atmel/atmel toolchain/avr8 gcc/native/3.4.2.1002/avr8-gnu-toolchain/bin/../lib/gcc/avr/4.7.2/avr5\libgcc.a(_udivmodhi4.o)
 .text.libgcc.builtins
                0x00000000        0x0 c:/program files (x86)/atmel/atmel toolchain/avr8 gcc/native/3.4.2.1002/avr8-gnu-toolchain/bin/../lib/gcc/avr/4.7.2/avr5\libgcc.a(_udivmodhi4.o)
 .text.libgcc.fmul
                0x00000000        0x0 c:/program files (x86)/atmel/atmel toolchain/avr8 gcc/native/3.4.2.1002/avr8-gnu-toolchain/bin/../lib/gcc/avr/4.7.2/avr5\libgcc.a(_udivmodhi4.o)

Memory Configuration

Name             Origin             Length             Attributes
text             0x00000000         0x00020000         xr
data             0x00800060         0x0000ffa0         rw !x
eeprom           0x00810000         0x00010000         rw !x
fuse             0x00820000         0x00000400         rw !x
lock             0x00830000         0x00000400         rw !x
signature        0x00840000         0x00000400         rw !x
user_signatures  0x00850000         0x00000400         rw !x
*default*        0x00000000         0xffffffff

Linker script and memory map

LOAD c:/program files (x86)/atmel/atmel toolchain/avr8 gcc/native/3.4.2.1002/avr8-gnu-toolchain/bin/../lib/gcc/avr/4.7.2/../../../../avr/lib/avr5/crtm32.o
LOAD car_sm.o
LOAD DIO.o
LOAD External_INT.o
LOAD ICU.o
LOAD motor.o
LOAD PWM.o
LOAD STATIC_CAR.o
LOAD Steering.o
LOAD Timer.o
LOAD Us.o
START GROUP
LOAD c:/program files (x86)/atmel/atmel toolchain/avr8 gcc/native/3.4.2.1002/avr8-gnu-toolchain/bin/../lib/gcc/avr/4.7.2/../../../../avr/lib/avr5\libm.a
END GROUP
LOAD c:/program files (x86)/atmel/atmel toolchain/avr8 gcc/native/3.4.2.1002/avr8-gnu-toolchain/bin/../lib/gcc/avr/4.7.2/avr5\libgcc.a
LOAD c:/program files (x86)/atmel/atmel toolchain/avr8 gcc/native/3.4.2.1002/avr8-gnu-toolchain/bin/../lib/gcc/avr/4.7.2/../../../../avr/lib/avr5\libc.a
LOAD c:/program files (x86)/atmel/atmel toolchain/avr8 gcc/native/3.4.2.1002/avr8-gnu-toolchain/bin/../lib/gcc/avr/4.7.2/avr5\libgcc.a

.hash
 *(.hash)

.dynsym
 *(.dynsym)

.dynstr
 *(.dynstr)

.gnu.version
 *(.gnu.version)

.gnu.version_d
 *(.gnu.version_d)

.gnu.version_r
 *(.gnu.version_r)

.rel.init
 *(.rel.init)

.rela.init
 *(.rela.init)

.rel.text
 *(.rel.text)
 *(.rel.text.*)
 *(.rel.gnu.linkonce.t*)

.rela.text
 *(.rela.text)
 *(.rela.text.*)
 *(.rela.gnu.linkonce.t*)

.rel.fini
 *(.rel.fini)

.rela.fini
 *(.rela.fini)

.rel.rodata
 *(.rel.rodata)
 *(.rel.rodata.*)
 *(.rel.gnu.linkonce.r*)

.rela.rodata
 *(.rela.rodata)
 *(.rela.rodata.*)
 *(.rela.gnu.linkonce.r*)

.rel.data
 *(.rel.data)
 *(.rel.data.*)
 *(.rel.gnu.linkonce.d*)

.rela.data
 *(.rela.data)
 *(.rela.data.*)
 *(.rela.gnu.linkonce.d*)

.rel.ctors
 *(.rel.ctors)

.rela.ctors
 *(.rela.ctors)

.rel.dtors
 *(.rel.dtors)

.rela.dtors
 *(.rela.dtors)

.rel.got
 *(.rel.got)

.rela.got
 *(.rela.got)

.rel.bss
 *(.rel.bss)

.rela.bss
 *(.rela.bss)

.rel.plt
 *(.rel.plt)

.rela.plt
 *(.rela.plt)

.text           0x00000000      0xc90
 *(.vectors)
 .vectors       0x00000000       0x54 c:/program files (x86)/atmel/atmel toolchain/avr8 gcc/native/3.4.2.1002/avr8-gnu-toolchain/bin/../lib/gcc/avr/4.7.2/../../../../avr/lib/avr5/crtm32.o
                0x00000000                __vector_default
                0x00000000                __vectors
 *(.vectors)
 *(.progmem.gcc*)
 *(.progmem*)
                0x00000054                . = ALIGN (0x2)
                0x00000054                __trampolines_start = .
 *(.trampolines)
 .trampolines   0x00000054        0x0 linker stubs
 *(.trampolines*)
                0x00000054                __trampolines_end = .
 *(.jumptables)
 *(.jumptables*)
 *(.lowtext)
 *(.lowtext*)
                0x00000054                __ctors_start = .
 *(.ctors)
                0x00000054                __ctors_end = .
                0x00000054                __dtors_start = .
 *(.dtors)
                0x00000054                __dtors_end = .
 SORT(*)(.ctors)
 SORT(*)(.dtors)
 *(.init0)
 .init0         0x00000054        0x0 c:/program files (x86)/atmel/atmel toolchain/avr8 gcc/native/3.4.2.1002/avr8-gnu-toolchain/bin/../lib/gcc/avr/4.7.2/../../../../avr/lib/avr5/crtm32.o
                0x00000054                __init
 *(.init0)
 *(.init1)
 *(.init1)
 *(.init2)
 .init2         0x00000054        0xc c:/program files (x86)/atmel/atmel toolchain/avr8 gcc/native/3.4.2.1002/avr8-gnu-toolchain/bin/../lib/gcc/avr/4.7.2/../../../../avr/lib/avr5/crtm32.o
 *(.init2)
 *(.init3)
 *(.init3)
 *(.init4)
 .init4         0x00000060       0x10 c:/program files (x86)/atmel/atmel toolchain/avr8 gcc/native/3.4.2.1002/avr8-gnu-toolchain/bin/../lib/gcc/avr/4.7.2/avr5\libgcc.a(_clear_bss.o)
                0x00000060                __do_clear_bss
 *(.init4)
 *(.init5)
 *(.init5)
 *(.init6)
 *(.init6)
 *(.init7)
 *(.init7)
 *(.init8)
 *(.init8)
 *(.init9)
 .init9         0x00000070        0x8 c:/program files (x86)/atmel/atmel toolchain/avr8 gcc/native/3.4.2.1002/avr8-gnu-toolchain/bin/../lib/gcc/avr/4.7.2/../../../../avr/lib/avr5/crtm32.o
 *(.init9)
 *(.text)
 .text          0x00000078        0x4 c:/program files (x86)/atmel/atmel toolchain/avr8 gcc/native/3.4.2.1002/avr8-gnu-toolchain/bin/../lib/gcc/avr/4.7.2/../../../../avr/lib/avr5/crtm32.o
                0x00000078                __vector_1
                0x00000078                __vector_12
                0x00000078                __bad_interrupt
                0x00000078                __vector_6
                0x00000078                __vector_11
                0x00000078                __vector_13
                0x00000078                __vector_17
                0x00000078                __vector_19
                0x00000078                __vector_7
                0x00000078                __vector_5
                0x00000078                __vector_4
                0x00000078                __vector_9
                0x00000078                __vector_2
                0x00000078                __vector_15
                0x00000078                __vector_8
                0x00000078                __vector_14
                0x00000078                __vector_10
                0x00000078                __vector_16
                0x00000078                __vector_18
                0x00000078                __vector_20
                0x0000007c                . = ALIGN (0x2)
 *(.text.*)
 .text.Car_SM_Init
                0x0000007c       0x12 car_sm.o
                0x0000007c                Car_SM_Init
 .text.Car_SM_Update
                0x0000008e       0x90 car_sm.o
                0x0000008e                Car_SM_Update
 .text.DIO_init
                0x0000011e       0x8c DIO.o
                0x0000011e                DIO_init
 .text.DIO_Write
                0x000001aa       0xa0 DIO.o
                0x000001aa                DIO_Write
 .text.External_INT_Init
                0x0000024a       0x5a External_INT.o
                0x0000024a                External_INT_Init
 .text.External_INT_Enable
                0x000002a4       0x28 External_INT.o
                0x000002a4                External_INT_Enable
 .text.__vector_3
                0x000002cc       0x7a ICU.o
                0x000002cc                __vector_3
 .text.Icu_Init
                0x00000346       0x8e ICU.o
                0x00000346                Icu_Init
 .text.Icu_ReadTime
                0x000003d4       0xa6 ICU.o
                0x000003d4                Icu_ReadTime
 .text.Motor_Init
                0x0000047a       0x98 motor.o
                0x0000047a                Motor_Init
 .text.Motor_Direction
                0x00000512       0xd6 motor.o
                0x00000512                Motor_Direction
 .text.Motor_Start
                0x000005e8       0x72 motor.o
                0x000005e8                Motor_Start
 .text.Motor_Stop
                0x0000065a       0x26 motor.o
                0x0000065a                Motor_Stop
 .text.Pwm_Init
                0x00000680       0xd6 PWM.o
                0x00000680                Pwm_Init
 .text.Pwm_Start
                0x00000756       0x5e PWM.o
                0x00000756                Pwm_Start
 .text.Pwm_Stop
                0x000007b4       0x36 PWM.o
                0x000007b4                Pwm_Stop
 .text.main     0x000007ea        0xa STATIC_CAR.o
                0x000007ea                main
 .text.Steering_Init
                0x000007f4        0xe Steering.o
                0x000007f4                Steering_Init
 .text.Steering_SteerCar
                0x00000802       0xbe Steering.o
                0x00000802                Steering_SteerCar
 .text.Timer_Init
                0x000008c0      0x158 Timer.o
                0x000008c0                Timer_Init
 .text.Timer_Start
                0x00000a18       0x9c Timer.o
                0x00000a18                Timer_Start
 .text.Timer_Stop
                0x00000ab4       0x2e Timer.o
                0x00000ab4                Timer_Stop
 .text.Timer_GetValue
                0x00000ae2       0x36 Timer.o
                0x00000ae2                Timer_GetValue
 .text.Us_Init  0x00000b18       0x3e Us.o
                0x00000b18                Us_Init
 .text.Us_Trigger
                0x00000b56       0x28 Us.o
                0x00000b56                Us_Trigger
 .text.Us_GetDistance
                0x00000b7e       0x7a Us.o
                0x00000b7e                Us_GetDistance
 .text.libgcc.div
                0x00000bf8       0x28 c:/program files (x86)/atmel/atmel toolchain/avr8 gcc/native/3.4.2.1002/avr8-gnu-toolchain/bin/../lib/gcc/avr/4.7.2/avr5\libgcc.a(_divmodhi4.o)
                0x00000bf8                _div
                0x00000bf8                __divmodhi4
 .text.libgcc.div
                0x00000c20       0x44 c:/program files (x86)/atmel/atmel toolchain/avr8 gcc/native/3.4.2.1002/avr8-gnu-toolchain/bin/../lib/gcc/avr/4.7.2/avr5\libgcc.a(_udivmodsi4.o)
                0x00000c20                __udivmodsi4
 .text.libgcc.div
                0x00000c64       0x28 c:/program files (x86)/atmel/atmel toolchain/avr8 gcc/native/3.4.2.1002/avr8-gnu-toolchain/bin/../lib/gcc/avr/4.7.2/avr5\libgcc.a(_udivmodhi4.o)
                0x00000c64                __udivmodhi4
                0x00000c8c                . = ALIGN (0x2)
 *(.fini9)
 .fini9         0x00000c8c        0x0 c:/program files (x86)/atmel/atmel toolchain/avr8 gcc/native/3.4.2.1002/avr8-gnu-toolchain/bin/../lib/gcc/avr/4.7.2/avr5\libgcc.a(_exit.o)
                0x00000c8c                _exit
                0x00000c8c                exit
 *(.fini9)
 *(.fini8)
 *(.fini8)
 *(.fini7)
 *(.fini7)
 *(.fini6)
 *(.fini6)
 *(.fini5)
 *(.fini5)
 *(.fini4)
 *(.fini4)
 *(.fini3)
 *(.fini3)
 *(.fini2)
 *(.fini2)
 *(.fini1)
 *(.fini1)
 *(.fini0)
 .fini0         0x00000c8c        0x4 c:/program files (x86)/atmel/atmel toolchain/avr8 gcc/native/3.4.2.1002/avr8-gnu-toolchain/bin/../lib/gcc/avr/4.7.2/avr5\libgcc.a(_exit.o)
 *(.fini0)
                0x00000c90                _etext = .

.data           0x00800060        0x0 load address 0x00000c90
                0x00800060                PROVIDE (__data_start, .)
 *(.data)
 .data          0x00800060        0x0 c:/program files (x86)/atmel/atmel toolchain/avr8 gcc/native/3.4.2.1002/avr8-gnu-toolchain/bin/../lib/gcc/avr/4.7.2/../../../../avr/lib/avr5/crtm32.o
 .data          0x00800060        0x0 car_sm.o
 .data          0x00800060        0x0 DIO.o
 .data          0x00800060        0x0 External_INT.o
 .data          0x00800060        0x0 ICU.o
 .data          0x00800060        0x0 motor.o
 .data          0x00800060        0x0 PWM.o
 .data          0x00800060        0x0 STATIC_CAR.o
 .data          0x00800060        0x0 Steering.o
 .data          0x00800060        0x0 Timer.o
 .data          0x00800060        0x0 Us.o
 .data          0x00800060        0x0 c:/program files (x86)/atmel/atmel toolchain/avr8 gcc/native/3.4.2.1002/avr8-gnu-toolchain/bin/../lib/gcc/avr/4.7.2/avr5\libgcc.a(_divmodhi4.o)
 .data          0x00800060        0x0 c:/program files (x86)/atmel/atmel toolchain/avr8 gcc/native/3.4.2.1002/avr8-gnu-toolchain/bin/../lib/gcc/avr/4.7.2/avr5\libgcc.a(_udivmodsi4.o)
 .data          0x00800060        0x0 c:/program files (x86)/atmel/atmel toolchain/avr8 gcc/native/3.4.2.1002/avr8-gnu-toolchain/bin/../lib/gcc/avr/4.7.2/avr5\libgcc.a(_exit.o)
 .data          0x00800060        0x0 c:/program files (x86)/atmel/atmel toolchain/avr8 gcc/native/3.4.2.1002/avr8-gnu-toolchain/bin/../lib/gcc/avr/4.7.2/avr5\libgcc.a(_clear_bss.o)
 .data          0x00800060        0x0 c:/program files (x86)/atmel/atmel toolchain/avr8 gcc/native/3.4.2.1002/avr8-gnu-toolchain/bin/../lib/gcc/avr/4.7.2/avr5\libgcc.a(_udivmodhi4.o)
 *(.data*)
 *(.rodata)
 *(.rodata*)
 *(.gnu.linkonce.d*)
                0x00800060                . = ALIGN (0x2)
                0x00800060                _edata = .
                0x00800060                PROVIDE (__data_end, .)

.bss            0x00800060        0xa
                0x00800060                PROVIDE (__bss_start, .)
 *(.bss)
 *(.bss*)
 .bss.OVR_Flow_Counter
                0x00800060        0x1 ICU.o
 .bss.read_flag
                0x00800061        0x1 ICU.o
 .bss.Error     0x00800062        0x1 ICU.o
 .bss.ICU_Edge  0x00800063        0x1 ICU.o
 .bss.Motor1_Init_flag
                0x00800064        0x1 motor.o
 .bss.Motor2_Init_flag
                0x00800065        0x1 motor.o
 .bss.Motor_flag
                0x00800066        0x1 motor.o
 .bss.Timer_Prescaler
                0x00800067        0x1 Timer.o
 .bss.Timer_Mode
                0x00800068        0x1 Timer.o
 *(COMMON)
 COMMON         0x00800069        0x1 car_sm.o
                0x00800069                PWM_Status
                0x0080006a                PROVIDE (__bss_end, .)
                0x00000c90                __data_load_start = LOADADDR (.data)
                0x00000c90                __data_load_end = (__data_load_start + SIZEOF (.data))

.noinit         0x0080006a        0x0
                0x0080006a                PROVIDE (__noinit_start, .)
 *(.noinit*)
                0x0080006a                PROVIDE (__noinit_end, .)
                0x0080006a                _end = .
                0x0080006a                PROVIDE (__heap_start, .)

.eeprom         0x00810000        0x0
 *(.eeprom*)
                0x00810000                __eeprom_end = .

.fuse
 *(.fuse)
 *(.lfuse)
 *(.hfuse)
 *(.efuse)

.lock
 *(.lock*)

.signature
 *(.signature*)

.user_signatures
 *(.user_signatures*)

.stab           0x00000000      0x6cc
 *(.stab)
 .stab          0x00000000      0x6cc c:/program files (x86)/atmel/atmel toolchain/avr8 gcc/native/3.4.2.1002/avr8-gnu-toolchain/bin/../lib/gcc/avr/4.7.2/../../../../avr/lib/avr5/crtm32.o

.stabstr        0x00000000       0x97
 *(.stabstr)
 .stabstr       0x00000000       0x97 c:/program files (x86)/atmel/atmel toolchain/avr8 gcc/native/3.4.2.1002/avr8-gnu-toolchain/bin/../lib/gcc/avr/4.7.2/../../../../avr/lib/avr5/crtm32.o

.stab.excl
 *(.stab.excl)

.stab.exclstr
 *(.stab.exclstr)

.stab.index
 *(.stab.index)

.stab.indexstr
 *(.stab.indexstr)

.comment        0x00000000       0x2f
 *(.comment)
 .comment       0x00000000       0x2f car_sm.o
                                 0x30 (size before relaxing)
 .comment       0x00000000       0x30 DIO.o
 .comment       0x00000000       0x30 External_INT.o
 .comment       0x00000000       0x30 ICU.o
 .comment       0x00000000       0x30 motor.o
 .comment       0x00000000       0x30 PWM.o
 .comment       0x00000000       0x30 STATIC_CAR.o
 .comment       0x00000000       0x30 Steering.o
 .comment       0x00000000       0x30 Timer.o
 .comment       0x00000000       0x30 Us.o

.debug
 *(.debug)

.line
 *(.line)

.debug_srcinfo
 *(.debug_srcinfo)

.debug_sfnames
 *(.debug_sfnames)

.debug_aranges  0x00000000      0x1f0
 *(.debug_aranges)
 .debug_aranges
                0x00000000       0x28 car_sm.o
 .debug_aranges
                0x00000028       0x38 DIO.o
 .debug_aranges
                0x00000060       0x28 External_INT.o
 .debug_aranges
                0x00000088       0x30 ICU.o
 .debug_aranges
                0x000000b8       0x48 motor.o
 .debug_aranges
                0x00000100       0x38 PWM.o
 .debug_aranges
                0x00000138       0x20 STATIC_CAR.o
 .debug_aranges
                0x00000158       0x28 Steering.o
 .debug_aranges
                0x00000180       0x40 Timer.o
 .debug_aranges
                0x000001c0       0x30 Us.o

.debug_pubnames
 *(.debug_pubnames)

.debug_info     0x00000000     0x200a
 *(.debug_info)
 .debug_info    0x00000000      0x35c car_sm.o
 .debug_info    0x0000035c      0x208 DIO.o
 .debug_info    0x00000564      0x1c1 External_INT.o
 .debug_info    0x00000725      0x421 ICU.o
 .debug_info    0x00000b46      0x6b7 motor.o
 .debug_info    0x000011fd      0x334 PWM.o
 .debug_info    0x00001531      0x12d STATIC_CAR.o
 .debug_info    0x0000165e      0x34e Steering.o
 .debug_info    0x000019ac      0x29a Timer.o
 .debug_info    0x00001c46      0x3c4 Us.o
 *(.gnu.linkonce.wi.*)

.debug_abbrev   0x00000000      0xc04
 *(.debug_abbrev)
 .debug_abbrev  0x00000000      0x1ba car_sm.o
 .debug_abbrev  0x000001ba       0xe0 DIO.o
 .debug_abbrev  0x0000029a      0x13a External_INT.o
 .debug_abbrev  0x000003d4      0x133 ICU.o
 .debug_abbrev  0x00000507      0x147 motor.o
 .debug_abbrev  0x0000064e      0x14d PWM.o
 .debug_abbrev  0x0000079b       0xa9 STATIC_CAR.o
 .debug_abbrev  0x00000844      0x10f Steering.o
 .debug_abbrev  0x00000953      0x10f Timer.o
 .debug_abbrev  0x00000a62      0x1a2 Us.o

.debug_line     0x00000000      0x97e
 *(.debug_line)
 .debug_line    0x00000000      0x15b car_sm.o
 .debug_line    0x0000015b       0xc2 DIO.o
 .debug_line    0x0000021d       0x7a External_INT.o
 .debug_line    0x00000297       0xcf ICU.o
 .debug_line    0x00000366      0x13a motor.o
 .debug_line    0x000004a0      0x10a PWM.o
 .debug_line    0x000005aa       0x6d STATIC_CAR.o
 .debug_line    0x00000617       0x8b Steering.o
 .debug_line    0x000006a2      0x1a8 Timer.o
 .debug_line    0x0000084a      0x134 Us.o

.debug_frame    0x00000000      0x3f4
 *(.debug_frame)
 .debug_frame   0x00000000       0x44 car_sm.o
 .debug_frame   0x00000044       0x54 DIO.o
 .debug_frame   0x00000098       0x4c External_INT.o
 .debug_frame   0x000000e4       0xcc ICU.o
 .debug_frame   0x000001b0       0xac motor.o
 .debug_frame   0x0000025c       0x64 PWM.o
 .debug_frame   0x000002c0       0x24 STATIC_CAR.o
 .debug_frame   0x000002e4       0x3c Steering.o
 .debug_frame   0x00000320       0x64 Timer.o
 .debug_frame   0x00000384       0x70 Us.o

.debug_str      0x00000000      0x5b8
 *(.debug_str)
 .debug_str     0x00000000      0x1b7 car_sm.o
                                0x1f4 (size before relaxing)
 .debug_str     0x000001b7       0x5c DIO.o
                                0x12b (size before relaxing)
 .debug_str     0x00000213       0x52 External_INT.o
                                0x144 (size before relaxing)
 .debug_str     0x00000265      0x11f ICU.o
                                0x25d (size before relaxing)
 .debug_str     0x00000384      0x104 motor.o
                                0x240 (size before relaxing)
 .debug_str     0x00000488       0x66 PWM.o
                                0x1ab (size before relaxing)
 .debug_str     0x000004ee       0x17 STATIC_CAR.o
                                0x14a (size before relaxing)
 .debug_str     0x00000505       0x26 Steering.o
                                0x175 (size before relaxing)
 .debug_str     0x0000052b       0x54 Timer.o
                                0x1b1 (size before relaxing)
 .debug_str     0x0000057f       0x39 Us.o
                                0x1ec (size before relaxing)

.debug_loc      0x00000000     0x1937
 *(.debug_loc)
 .debug_loc     0x00000000      0x129 car_sm.o
 .debug_loc     0x00000129      0x494 DIO.o
 .debug_loc     0x000005bd       0xdc External_INT.o
 .debug_loc     0x00000699      0x31c ICU.o
 .debug_loc     0x000009b5      0x56d motor.o
 .debug_loc     0x00000f22      0x340 PWM.o
 .debug_loc     0x00001262      0x20b Steering.o
 .debug_loc     0x0000146d      0x3c9 Timer.o
 .debug_loc     0x00001836      0x101 Us.o

.debug_macinfo
 *(.debug_macinfo)

.debug_pubtypes
 *(.debug_pubtypes)

.debug_ranges   0x00000000      0x150
 *(.debug_ranges)
 .debug_ranges  0x00000000       0x18 car_sm.o
 .debug_ranges  0x00000018       0x28 DIO.o
 .debug_ranges  0x00000040       0x18 External_INT.o
 .debug_ranges  0x00000058       0x20 ICU.o
 .debug_ranges  0x00000078       0x38 motor.o
 .debug_ranges  0x000000b0       0x28 PWM.o
 .debug_ranges  0x000000d8       0x10 STATIC_CAR.o
 .debug_ranges  0x000000e8       0x18 Steering.o
 .debug_ranges  0x00000100       0x30 Timer.o
 .debug_ranges  0x00000130       0x20 Us.o

.debug_macro
 *(.debug_macro)
OUTPUT(STATIC_CAR.elf elf32-avr)
LOAD linker stubs
